Timestamp: Wed Oct 08 13:33:44 MSK 2025
Request Body:

        {
            "user": {
                "id": "1005",
                "name": "Alice"
            },
            "transactionId": "d4cb78e7-e34c-4570-8d72-34df82b6023d"
        }
    
---------------------------------
Response Status: 200
Response Body:
{
  "args": {}, 
  "data": "\n        {\n            \"user\": {\n                \"id\": \"1005\",\n                \"name\": \"Alice\"\n            },\n            \"transactionId\": \"d4cb78e7-e34c-4570-8d72-34df82b6023d\"\n        }\n    ", 
  "files": {}, 
  "form": {}, 
  "headers": {
    "Accept": "application/json", 
    "Content-Length": "192", 
    "Content-Type": "application/json", 
    "Host": "httpbin.org", 
    "User-Agent": "Java-http-client/17.0.11", 
    "X-Amzn-Trace-Id": "Root=1-68e63e08-77779b861a8682b572572cc2"
  }, 
  "json": {
    "transactionId": "d4cb78e7-e34c-4570-8d72-34df82b6023d", 
    "user": {
      "id": "1005", 
      "name": "Alice"
    }
  }, 
  "origin": "95.165.26.118", 
  "url": "https://httpbin.org/post"
}

